monitor   :       0: xx xx xx xx  xx xx xx xx  xx  xx xx xx xx
monitor   :      70: 00 01 02 03  04 05 06 07  xx  0X 0X 0X 0X
monitor   :      81: 00 01 02 03  04 05 06 07  00  00 00 00 00
monitor   :      91: 00 01 02 03  04 05 06 07  01  00 00 00 00
monitor   :     101: 00 01 02 03  04 05 06 07  02  01 01 01 01
monitor   :     111: 00 01 02 03  04 05 06 07  04  00 02 02 02
monitor   :     121: 00 01 02 03  04 05 06 07  08  00 00 03 03
monitor   :     131: 00 01 02 03  04 05 06 07  10  00 00 00 04
monitor   :     141: 00 01 02 03  04 05 06 07  20  00 00 00 05
monitor   :     151: 00 01 02 03  04 05 06 07  40  00 00 00 06
monitor   :     161: 00 01 02 03  04 05 06 07  80  00 00 00 07
monitor   :     171: 00 01 02 03  04 05 06 07  xx  0X 0X 0X 0X
monitor   :     181: 00 01 02 03  04 05 06 07  00  00 00 00 00
monitor   :     191: 00 01 02 03  04 05 06 07  16  01 03 03 07
