monitor   :       0: xx xx xx xx  xx xx xx xx  xx  xx xx xx xx
monitor   :      70: 00 01 02 03  04 05 06 07  xx  0X 0X 0X 0X
monitor   :      81: 00 01 02 03  04 05 06 07  00  00 00 00 00
monitor   :      91: 00 01 02 03  04 05 06 07  01  01 01 01 01
monitor   :     101: 00 01 02 03  04 05 06 07  02  00 02 02 02
monitor   :     111: 00 01 02 03  04 05 06 07  03  01 0X 03 03
monitor   :     121: 00 01 02 03  04 05 06 07  04  00 00 00 04
monitor   :     131: 00 01 02 03  04 05 06 07  05  01 01 01 05
monitor   :     141: 00 01 02 03  04 05 06 07  06  00 02 02 06
monitor   :     151: 00 01 02 03  04 05 06 07  07  01 0X 03 07
monitor   :     161: 00 01 02 03  04 05 06 07  0X  0X 0X 0X 0X
monitor   :     171: 00 01 02 03  04 05 06 07  00  00 00 00 00
halt      : halt
