monitor   :       0: 1 0 xxxxxxxx xxxxxxxx
monitor   :      10: 1 0 xxxxxxxx 00000000
monitor   :      51: 0 0 xxxxxxxx 00000000
write_ff :      96: (en,d) <- (1, ffffffff)
monitor   :      96: 0 1 ffffffff 00000000
monitor   :     100: 0 1 ffffffff ffffffff
write_ff :     101: (en,d) <- (0, 00000000)
monitor   :     101: 0 0 00000000 ffffffff
write_ff :     116: (en,d) <- (1, 00000000)
monitor   :     116: 0 1 00000000 ffffffff
monitor   :     120: 0 1 00000000 00000000
write_ff :     121: (en,d) <- (0, 00000000)
monitor   :     121: 0 0 00000000 00000000
write_ff :     136: (en,d) <- (1, 12345678)
monitor   :     136: 0 1 12345678 00000000
monitor   :     140: 0 1 12345678 12345678
write_ff :     141: (en,d) <- (0, 00000000)
monitor   :     141: 0 0 00000000 12345678
write_ff :     156: (en,d) <- (1, cafecafe)
monitor   :     156: 0 1 cafecafe 12345678
monitor   :     160: 0 1 cafecafe cafecafe
write_ff :     161: (en,d) <- (0, 00000000)
monitor   :     161: 0 0 00000000 cafecafe
write_ff :     176: (en,d) <- (1, 33333333)
monitor   :     176: 0 1 33333333 cafecafe
monitor   :     180: 0 1 33333333 33333333
write_ff :     181: (en,d) <- (0, 00000000)
monitor   :     181: 0 0 00000000 33333333
write_ff :     186: (en,d) <- (1, cccccccc)
monitor   :     186: 0 1 cccccccc 33333333
monitor   :     190: 0 1 cccccccc cccccccc
write_ff :     191: (en,d) <- (0, 00000000)
monitor   :     191: 0 0 00000000 cccccccc
write_ff :     196: (en,d) <- (1, 55555555)
monitor   :     196: 0 1 55555555 cccccccc
monitor   :     200: 0 1 55555555 55555555
write_ff :     201: (en,d) <- (0, 00000000)
monitor   :     201: 0 0 00000000 55555555
write_ff :     206: (en,d) <- (1, aaaaaaaa)
monitor   :     206: 0 1 aaaaaaaa 55555555
monitor   :     210: 0 1 aaaaaaaa aaaaaaaa
write_ff :     211: (en,d) <- (0, 00000000)
monitor   :     211: 0 0 00000000 aaaaaaaa
write_ff_e_unk :     236: (en,d) <- (x, bbbbbbbb)
monitor   :     236: 0 x bbbbbbbb aaaaaaaa
monitor   :     240: 0 x bbbbbbbb XXXXXXXX
write_ff_e_unk :     241: (en,d) <- (0, 00000000)
monitor   :     241: 0 0 00000000 XXXXXXXX
write_ff :     256: (en,d) <- (1, 00000000)
monitor   :     256: 0 1 00000000 XXXXXXXX
monitor   :     260: 0 1 00000000 00000000
write_ff :     261: (en,d) <- (0, 00000000)
monitor   :     261: 0 0 00000000 00000000
write_ff_d_unk :     286: (en,d) <- (0, xxxxxxxx)
monitor   :     286: 0 0 xxxxxxxx 00000000
write_ff_d_unk :     291: (en,d) <- (0, 00000000)
monitor   :     291: 0 0 00000000 00000000
write_ff :     306: (en,d) <- (1, beefbeef)
monitor   :     306: 0 1 beefbeef 00000000
monitor   :     310: 0 1 beefbeef beefbeef
write_ff :     311: (en,d) <- (0, 00000000)
monitor   :     311: 0 0 00000000 beefbeef
halt      : halt
