monitor   :       0: 1 0 xx xx
monitor   :      10: 1 0 xx 00
monitor   :      51: 0 0 xx 00
write_ff :      96: (en,d) <- (1, ff)
monitor   :      96: 0 1 ff 00
monitor   :     100: 0 1 ff ff
write_ff :     101: (en,d) <- (0, 00)
monitor   :     101: 0 0 00 ff
write_ff :     116: (en,d) <- (1, 00)
monitor   :     116: 0 1 00 ff
monitor   :     120: 0 1 00 00
write_ff :     121: (en,d) <- (0, 00)
monitor   :     121: 0 0 00 00
write_ff :     136: (en,d) <- (1, 78)
monitor   :     136: 0 1 78 00
monitor   :     140: 0 1 78 78
write_ff :     141: (en,d) <- (0, 00)
monitor   :     141: 0 0 00 78
write_ff :     156: (en,d) <- (1, fe)
monitor   :     156: 0 1 fe 78
monitor   :     160: 0 1 fe fe
write_ff :     161: (en,d) <- (0, 00)
monitor   :     161: 0 0 00 fe
write_ff :     176: (en,d) <- (1, 33)
monitor   :     176: 0 1 33 fe
monitor   :     180: 0 1 33 33
write_ff :     181: (en,d) <- (0, 00)
monitor   :     181: 0 0 00 33
write_ff :     186: (en,d) <- (1, cc)
monitor   :     186: 0 1 cc 33
monitor   :     190: 0 1 cc cc
write_ff :     191: (en,d) <- (0, 00)
monitor   :     191: 0 0 00 cc
write_ff :     196: (en,d) <- (1, 55)
monitor   :     196: 0 1 55 cc
monitor   :     200: 0 1 55 55
write_ff :     201: (en,d) <- (0, 00)
monitor   :     201: 0 0 00 55
write_ff :     206: (en,d) <- (1, aa)
monitor   :     206: 0 1 aa 55
monitor   :     210: 0 1 aa aa
write_ff :     211: (en,d) <- (0, 00)
monitor   :     211: 0 0 00 aa
write_ff_e_unk :     236: (en,d) <- (x, bb)
monitor   :     236: 0 x bb aa
monitor   :     240: 0 x bb XX
write_ff_e_unk :     241: (en,d) <- (0, 00)
monitor   :     241: 0 0 00 XX
write_ff :     256: (en,d) <- (1, 00)
monitor   :     256: 0 1 00 XX
monitor   :     260: 0 1 00 00
write_ff :     261: (en,d) <- (0, 00)
monitor   :     261: 0 0 00 00
write_ff_d_unk :     286: (en,d) <- (0, xx)
monitor   :     286: 0 0 xx 00
write_ff_d_unk :     291: (en,d) <- (0, 00)
monitor   :     291: 0 0 00 00
write_ff :     306: (en,d) <- (1, ef)
monitor   :     306: 0 1 ef 00
monitor   :     310: 0 1 ef ef
write_ff :     311: (en,d) <- (0, 00)
monitor   :     311: 0 0 00 ef
