monitor   :       0: 1 0 x x
monitor   :      10: 1 0 x 0
monitor   :      51: 0 0 x 0
write_ff :      96: (en,d) <- (1, 1)
monitor   :      96: 0 1 1 0
monitor   :     100: 0 1 1 1
write_ff :     101: (en,d) <- (0, 0)
monitor   :     101: 0 0 0 1
write_ff :     116: (en,d) <- (1, 0)
monitor   :     116: 0 1 0 1
monitor   :     120: 0 1 0 0
write_ff :     121: (en,d) <- (0, 0)
monitor   :     121: 0 0 0 0
write_ff :     136: (en,d) <- (1, 0)
monitor   :     136: 0 1 0 0
write_ff :     141: (en,d) <- (0, 0)
monitor   :     141: 0 0 0 0
write_ff :     156: (en,d) <- (1, 0)
monitor   :     156: 0 1 0 0
write_ff :     161: (en,d) <- (0, 0)
monitor   :     161: 0 0 0 0
write_ff :     176: (en,d) <- (1, 1)
monitor   :     176: 0 1 1 0
monitor   :     180: 0 1 1 1
write_ff :     181: (en,d) <- (0, 0)
monitor   :     181: 0 0 0 1
write_ff :     186: (en,d) <- (1, 0)
monitor   :     186: 0 1 0 1
monitor   :     190: 0 1 0 0
write_ff :     191: (en,d) <- (0, 0)
monitor   :     191: 0 0 0 0
write_ff :     196: (en,d) <- (1, 1)
monitor   :     196: 0 1 1 0
monitor   :     200: 0 1 1 1
write_ff :     201: (en,d) <- (0, 0)
monitor   :     201: 0 0 0 1
write_ff :     206: (en,d) <- (1, 0)
monitor   :     206: 0 1 0 1
monitor   :     210: 0 1 0 0
write_ff :     211: (en,d) <- (0, 0)
monitor   :     211: 0 0 0 0
write_ff_e_unk :     236: (en,d) <- (x, 1)
monitor   :     236: 0 x 1 0
monitor   :     240: 0 x 1 x
write_ff_e_unk :     241: (en,d) <- (0, 0)
monitor   :     241: 0 0 0 x
write_ff :     256: (en,d) <- (1, 0)
monitor   :     256: 0 1 0 x
monitor   :     260: 0 1 0 0
write_ff :     261: (en,d) <- (0, 0)
monitor   :     261: 0 0 0 0
write_ff_d_unk :     286: (en,d) <- (0, x)
monitor   :     286: 0 0 x 0
write_ff_d_unk :     291: (en,d) <- (0, 0)
monitor   :     291: 0 0 0 0
write_ff :     306: (en,d) <- (1, 1)
monitor   :     306: 0 1 1 0
monitor   :     310: 0 1 1 1
write_ff :     311: (en,d) <- (0, 0)
monitor   :     311: 0 0 0 1
halt      : halt
