monitor   :       0: xxxxxxxx xxxxxxxx  x
monitor   :      80: 00000002 00000002  1
monitor   :      90: 00000001 00000002  0
monitor   :     100: 00000002 00000001  0
monitor   :     110: 00000000 ffffffff  0
monitor   :     120: ffffffff 00000000  0
monitor   :     130: 00000000 00000000  1
monitor   :     140: ffffffff ffffffff  1
