monitor   :       0: xxxxxxxx xxxxxxxx  x xxxxxxxx
monitor   :      80: 00000000 00000001  1 ffffffff
monitor   :      90: ffffffff 00000001  0 fffffffe
monitor   :     100: 00000002 00000002  0 00000000
monitor   :     110: 00000001 00000002  1 ffffffff
monitor   :     120: 00000002 00000001  0 00000001
monitor   :     130: 00000000 ffffffff  1 00000001
monitor   :     140: ffffffff 00000000  0 ffffffff
monitor   :     150: 00000000 00000000  0 00000000
monitor   :     160: ffffffff ffffffff  0 00000000
monitor   :     170: 80000000 80000000  0 00000000
monitor   :     180: 80000000 7fffffff  0 00000001
monitor   :     190: 7fffffff 80000000  1 ffffffff
