monitor   :       0: xxxxxxxx  x xxxxxxxx
monitor   :      80: 00000002  0 00000001
monitor   :      90: 12345678  0 12345677
monitor   :     100: 00000001  0 00000000
monitor   :     110: 00000000  1 ffffffff
halt      : halt
